
> backend@0.0.1 build
> nest build


[48;2;210;0;75m[1m[38;2;0;0;0m Error [39m[22m[49m EACCES: permission denied, rmdir '/Users/alexandernieves/Desktop/tuinity/backend/dist/accounting'

